18:13:44:DEBUG:run_pipeline: comparing dsc360 transformer architecture notes
18:13:44:DEBUG:cmp: 0.768345194786075
18:13:44:DEBUG:cmp: 0.7194283051091924
18:13:44:DEBUG:cmp: 0.6882782496856318
18:13:44:DEBUG:cmp: 0.6338850424279917
18:13:44:DEBUG:cmp: 0.6332043360931525
18:13:44:DEBUG:cmp: 0.6914937931360451
18:13:44:DEBUG:cmp: 0.6633955462413851
18:13:44:DEBUG:cmp: 0.6609820775366514
18:13:44:DEBUG:cmp: 0.6662635019149674
18:13:44:DEBUG:cmp: 0.5954437846832354
18:13:44:DEBUG:cmp: 0.5823878023737742
18:13:44:DEBUG:cmp: 0.5331580621911979
18:13:44:DEBUG:cmp: 0.6701575820091284
18:13:44:DEBUG:cmp: 0.5343314356651484
18:13:44:DEBUG:cmp: 0.6668027179561616
18:14:54:DEBUG:generate_recommendation: Recommendation: Okay, here’s a review of the student’s notes, focusing on what’s missing and what they should prioritize for deeper understanding:

**Overall Assessment:** The student has a good grasp of the core concepts – tokens, positional encoding, attention, and the basic workflow of Transformers. However, the notes feel somewhat superficial, lacking a truly deep dive into *why* these techniques are so effective. There’s a reliance on describing *what* things are, rather than *how* they contribute to the model’s capabilities.

**Key Gaps & Recommendations:**

1. **Deeper Dive into Multi-Headed Attention (Slides 18 & 19):** The student mentions multi-headed attention but doesn’t fully articulate *why* it’s so powerful. **The student *must* review Slides 18 & 19 more thoroughly.** They need to understand that each “head” isn’t just processing information independently; it’s learning *different types of relationships*.  The slide descriptions are too brief.  The student should add a section explaining how the different heads allow the model to simultaneously capture syntactic structure (like subject-verb agreement), semantic relationships (like pronoun resolution), and potentially even discourse-level information.  Illustrating this with more complex examples beyond the “cat chased the mouse” one would be beneficial.

2. **Quantify the Impact of Context Window Limits (Slide 22):** The student mentions the context window limit, but doesn't emphasize the *practical* implications. They should add a note about how this limitation affects the types of tasks Transformers can handle effectively.  Discussing the trade-offs between context window size and computational cost would be valuable.

3. **Expand on the “Shoggoth” Meme & Alignment Concerns (Slide 21):** While the student acknowledges the meme, they should elaborate on the core message: raw, pretrained models are incredibly powerful but inherently unaligned.  They should add a sentence or two about the ongoing research and debate surrounding model alignment – why it’s a critical challenge, and the various techniques being explored (beyond just RLHF).

4. **Elaborate on Fine-Tuning Examples (Slide 20):** The student’s description of fine-tuning is too generic. They should add specific examples of how fine-tuning can dramatically improve performance on niche tasks. For instance, they could mention fine-tuning for:
    *   **Domain-Specific Question Answering:**  Fine-tuning on a legal database to improve accuracy in legal Q&A.
    *   **Code Generation:** Fine-tuning on a large code repository.

5. **Add a Section on Evaluation Metrics:** The student focuses on the *how* of generation, but not *how well* it’s performing.  They should add a brief discussion of common evaluation metrics used for generative models (e.g., perplexity, BLEU score, ROUGE score) and why they’re important.



**In short, the student needs to move beyond simply describing the components of a Transformer and start thinking about *why* these components work together to achieve impressive results. Encourage them to explore the challenges and ongoing research surrounding model alignment, evaluation, and the limitations of current technology.**

Do you want me to focus on a specific aspect of this feedback, or would you like me to suggest some resources the student could explore (e.g., research papers, tutorials)?
18:16:45:DEBUG:run_pipeline: comparing dsc360 transformer architecture notes
18:16:45:DEBUG:cmp: 0.768345194786075
18:16:45:DEBUG:cmp: 0.7194283051091924
18:16:45:DEBUG:cmp: 0.6882782496856318
18:16:45:DEBUG:cmp: 0.6338850424279917
18:16:45:DEBUG:cmp: 0.6332043360931525
18:16:45:DEBUG:cmp: 0.6914937931360451
18:16:45:DEBUG:cmp: 0.6633955462413851
18:16:45:DEBUG:cmp: 0.6609820775366514
18:16:45:DEBUG:cmp: 0.6662635019149674
18:16:45:DEBUG:cmp: 0.5954437846832354
18:16:45:DEBUG:cmp: 0.5823878023737742
18:16:45:DEBUG:cmp: 0.5331580621911979
18:16:45:DEBUG:cmp: 0.6701575820091284
18:16:45:DEBUG:cmp: 0.5343314356651484
18:16:45:DEBUG:cmp: 0.6668027179561616
18:17:59:DEBUG:generate_recommendation: gemma3:4b took 73.36679697036743
18:17:59:DEBUG:generate_recommendation: Recommendation: Okay, here’s a review of the student’s notes, focusing on what’s missing and what they should prioritize for deeper understanding:

**Overall Assessment:** The student has a good grasp of the core concepts – tokens, positional encoding, attention, and the overall architecture of Transformers. However, the notes feel somewhat superficial, lacking a truly deep dive into *why* these techniques work and how they’re implemented.

**Key Gaps & Recommendations:**

1. **Expand on Multi-Headed Attention – The Core of the Revolution:** The student mentions multi-headed attention but doesn’t fully explain its significance. **Crucially, they need to understand *why* multiple heads are necessary.** The lecture content (Slide 18) highlights this perfectly: “Handles complex relationships: Syntax, semantics, and context.”  The student should review the slide content and specifically focus on how each head can independently learn different types of relationships.  They should also look for resources that visually explain the concept of subspaces and how the concatenated results create a richer representation.  *Action: Spend extra time researching and understanding the mathematical underpinnings of multi-headed attention – the concept of different linear projections.*

2. **Deeper Dive into Attention Scoring (Slide 18):** The student mentions the dot product of Query·Key, but doesn't explain *why* this works so effectively.  It’s not just a calculation; it’s a measure of similarity.  They should learn about the scaling factor used in the dot product to prevent gradients from exploding.  Understanding this scaling is vital for grasping the stability and efficiency of the attention mechanism.

3. **Clarify the Role of Embeddings:** The notes briefly touch on tokens, but the student needs to understand how tokens are represented numerically – through embeddings.  Embeddings are the core of how the model understands the *meaning* of words.  They should investigate how embeddings are learned during pre-training and how they’re used to represent tokens in the attention mechanism.

4. **Expand on Fine-Tuning (Slide 20):** While the student mentions fine-tuning, they should explore the different strategies involved.  Specifically, they need to understand concepts like:
    *   **LoRA (Low-Rank Adaptation):** A popular technique for efficient fine-tuning.
    *   **Different Learning Rates:** How learning rates are adjusted during fine-tuning.
    *   **Overfitting:** How to prevent the model from overfitting to the fine-tuning data.

5. **Reinforcement Learning with Human Feedback (RLHF) – More Detail:** The student’s explanation of RLHF is basic. They should investigate:
    *   **The Reward Model:** How the reward model is trained.
    *   **PPO (Proximal Policy Optimization):** The specific algorithm used to optimize the model.
    *   **The iterative nature of the process.**

**Resources to Explore:**

*   **Jay Alammar’s Blog:** [https://jalammar.github.io/](https://jalammar.github.io/) – Excellent visual explanations of Transformers and attention.
*   **TensorFlow/PyTorch Tutorials:**  Look for tutorials on implementing attention mechanisms.
*   **Research Papers:**  Start with the original Transformer paper: [https://arxiv.org/abs/1701.00804](https://arxiv.org/abs/1701.00804)

By focusing on these areas, the student can move beyond a superficial understanding of Transformers and develop a much deeper appreciation for their power and complexity. Good luck!
